/home/greenbn3/miniconda3/envs/dp_fedavg_env/lib/python3.12/site-packages/torch/nn/modules/module.py:1827: FutureWarning: Using a non-full backward hook when the forward contains multiple autograd Nodes is deprecated and will be removed in future versions. This hook will be missing some grad_input. Please use register_full_backward_hook to get the documented behavior.
  self._maybe_warn_non_full_backward_hook(args, result, grad_fn)
/home/greenbn3/DP-FedAvg/DP_FL.py:270: UserWarning: FigureCanvasAgg is non-interactive, and thus cannot be shown
  plt.show()
Using device: cuda
Round 1/100
Global Model Accuracy: 9.52%
Round 2/100
Global Model Accuracy: 12.07%
Round 3/100
Global Model Accuracy: 8.29%
Round 4/100
Global Model Accuracy: 12.40%
Round 5/100
Global Model Accuracy: 18.46%
Round 6/100
Global Model Accuracy: 15.76%
Round 7/100
Global Model Accuracy: 16.88%
Round 8/100
Global Model Accuracy: 18.05%
Round 9/100
Global Model Accuracy: 20.72%
Round 10/100
Global Model Accuracy: 19.05%
Round 11/100
Global Model Accuracy: 20.97%
Round 12/100
Global Model Accuracy: 18.79%
Round 13/100
Global Model Accuracy: 20.13%
Round 14/100
Global Model Accuracy: 19.90%
Round 15/100
Global Model Accuracy: 18.60%
Round 16/100
Global Model Accuracy: 19.89%
Round 17/100
Global Model Accuracy: 19.12%
Round 18/100
Global Model Accuracy: 18.57%
Round 19/100
Global Model Accuracy: 22.78%
Round 20/100
Global Model Accuracy: 20.93%
Round 21/100
Global Model Accuracy: 23.96%
Round 22/100
Global Model Accuracy: 21.34%
Round 23/100
Global Model Accuracy: 25.87%
Round 24/100
Global Model Accuracy: 22.95%
Round 25/100
Global Model Accuracy: 23.54%
Round 26/100
Global Model Accuracy: 24.19%
Round 27/100
Global Model Accuracy: 22.73%
Round 28/100
Global Model Accuracy: 19.68%
Round 29/100
Global Model Accuracy: 19.77%
Round 30/100
Global Model Accuracy: 19.99%
Round 31/100
Global Model Accuracy: 20.40%
Round 32/100
Global Model Accuracy: 18.59%
Round 33/100
Global Model Accuracy: 21.59%
Round 34/100
Global Model Accuracy: 20.92%
Round 35/100
Global Model Accuracy: 19.46%
Round 36/100
Global Model Accuracy: 22.44%
Round 37/100
Global Model Accuracy: 23.67%
Round 38/100
Global Model Accuracy: 24.27%
Round 39/100
Global Model Accuracy: 26.56%
Round 40/100
Global Model Accuracy: 24.00%
Round 41/100
Global Model Accuracy: 26.71%
Round 42/100
Global Model Accuracy: 28.75%
Round 43/100
Global Model Accuracy: 27.75%
Round 44/100
Global Model Accuracy: 29.53%
Round 45/100
Global Model Accuracy: 32.10%
Round 46/100
Global Model Accuracy: 32.51%
Round 47/100
Global Model Accuracy: 32.15%
Round 48/100
Global Model Accuracy: 31.76%
Round 49/100
Global Model Accuracy: 32.10%
Round 50/100
Global Model Accuracy: 33.10%
Round 51/100
Global Model Accuracy: 33.02%
Round 52/100
Global Model Accuracy: 31.25%
Round 53/100
Global Model Accuracy: 31.38%
Round 54/100
Global Model Accuracy: 33.07%
Round 55/100
Global Model Accuracy: 34.09%
Round 56/100
Global Model Accuracy: 30.70%
Round 57/100
Global Model Accuracy: 31.36%
Round 58/100
Global Model Accuracy: 29.61%
Round 59/100
Global Model Accuracy: 30.96%
Round 60/100
Global Model Accuracy: 32.42%
Round 61/100
Global Model Accuracy: 33.49%
Round 62/100
Global Model Accuracy: 33.64%
Round 63/100
Global Model Accuracy: 31.92%
Round 64/100
Global Model Accuracy: 33.86%
Round 65/100
Global Model Accuracy: 33.37%
Round 66/100
Global Model Accuracy: 31.87%
Round 67/100
Global Model Accuracy: 33.05%
Round 68/100
Global Model Accuracy: 32.07%
Round 69/100
Global Model Accuracy: 31.74%
Round 70/100
Global Model Accuracy: 32.77%
Round 71/100
Global Model Accuracy: 34.71%
Round 72/100
Global Model Accuracy: 35.91%
Round 73/100
Global Model Accuracy: 35.02%
Round 74/100
Global Model Accuracy: 35.07%
Round 75/100
Global Model Accuracy: 34.76%
Round 76/100
Global Model Accuracy: 34.66%
Round 77/100
Global Model Accuracy: 34.22%
Round 78/100
Global Model Accuracy: 35.16%
Round 79/100
Global Model Accuracy: 34.55%
Round 80/100
Global Model Accuracy: 33.59%
Round 81/100
Global Model Accuracy: 33.03%
Round 82/100
Global Model Accuracy: 32.09%
Round 83/100
Global Model Accuracy: 32.27%
Round 84/100
Global Model Accuracy: 30.39%
Round 85/100
Global Model Accuracy: 29.58%
Round 86/100
Global Model Accuracy: 28.94%
Round 87/100
Global Model Accuracy: 30.46%
Round 88/100
Global Model Accuracy: 30.60%
Round 89/100
Global Model Accuracy: 32.29%
Round 90/100
Global Model Accuracy: 33.01%
Round 91/100
Global Model Accuracy: 32.42%
Round 92/100
Global Model Accuracy: 31.70%
Round 93/100
Global Model Accuracy: 31.71%
Round 94/100
Global Model Accuracy: 32.57%
Round 95/100
Global Model Accuracy: 31.99%
Round 96/100
Global Model Accuracy: 31.86%
Round 97/100
Global Model Accuracy: 31.55%
Round 98/100
Global Model Accuracy: 32.41%
Round 99/100
Global Model Accuracy: 31.94%
Round 100/100
Global Model Accuracy: 31.71%
