/home/greenbn3/miniconda3/envs/dp_fedavg_env/lib/python3.12/site-packages/torch/nn/modules/module.py:1827: FutureWarning: Using a non-full backward hook when the forward contains multiple autograd Nodes is deprecated and will be removed in future versions. This hook will be missing some grad_input. Please use register_full_backward_hook to get the documented behavior.
  self._maybe_warn_non_full_backward_hook(args, result, grad_fn)
/home/greenbn3/DP-FedAvg/DP_FL.py:270: UserWarning: FigureCanvasAgg is non-interactive, and thus cannot be shown
  plt.show()
Using device: cuda
Round 1/100
Global Model Accuracy: 10.31%
Round 2/100
Global Model Accuracy: 10.10%
Round 3/100
Global Model Accuracy: 7.45%
Round 4/100
Global Model Accuracy: 11.79%
Round 5/100
Global Model Accuracy: 12.55%
Round 6/100
Global Model Accuracy: 12.18%
Round 7/100
Global Model Accuracy: 12.76%
Round 8/100
Global Model Accuracy: 13.61%
Round 9/100
Global Model Accuracy: 11.88%
Round 10/100
Global Model Accuracy: 12.74%
Round 11/100
Global Model Accuracy: 9.80%
Round 12/100
Global Model Accuracy: 12.44%
Round 13/100
Global Model Accuracy: 13.64%
Round 14/100
Global Model Accuracy: 12.48%
Round 15/100
Global Model Accuracy: 12.14%
Round 16/100
Global Model Accuracy: 19.91%
Round 17/100
Global Model Accuracy: 17.73%
Round 18/100
Global Model Accuracy: 20.20%
Round 19/100
Global Model Accuracy: 22.11%
Round 20/100
Global Model Accuracy: 23.12%
Round 21/100
Global Model Accuracy: 23.45%
Round 22/100
Global Model Accuracy: 19.90%
Round 23/100
Global Model Accuracy: 22.38%
Round 24/100
Global Model Accuracy: 24.23%
Round 25/100
Global Model Accuracy: 22.59%
Round 26/100
Global Model Accuracy: 23.62%
Round 27/100
Global Model Accuracy: 22.14%
Round 28/100
Global Model Accuracy: 22.75%
Round 29/100
Global Model Accuracy: 18.07%
Round 30/100
Global Model Accuracy: 18.87%
Round 31/100
Global Model Accuracy: 23.08%
Round 32/100
Global Model Accuracy: 22.88%
Round 33/100
Global Model Accuracy: 20.04%
Round 34/100
Global Model Accuracy: 17.60%
Round 35/100
Global Model Accuracy: 21.27%
Round 36/100
Global Model Accuracy: 23.90%
Round 37/100
Global Model Accuracy: 24.94%
Round 38/100
Global Model Accuracy: 24.10%
Round 39/100
Global Model Accuracy: 21.97%
Round 40/100
Global Model Accuracy: 22.93%
Round 41/100
Global Model Accuracy: 22.41%
Round 42/100
Global Model Accuracy: 20.77%
Round 43/100
Global Model Accuracy: 21.00%
Round 44/100
Global Model Accuracy: 21.16%
Round 45/100
Global Model Accuracy: 23.28%
Round 46/100
Global Model Accuracy: 24.89%
Round 47/100
Global Model Accuracy: 27.43%
Round 48/100
Global Model Accuracy: 26.78%
Round 49/100
Global Model Accuracy: 24.55%
Round 50/100
Global Model Accuracy: 25.07%
Round 51/100
Global Model Accuracy: 24.82%
Round 52/100
Global Model Accuracy: 26.08%
Round 53/100
Global Model Accuracy: 24.98%
Round 54/100
Global Model Accuracy: 24.62%
Round 55/100
Global Model Accuracy: 27.18%
Round 56/100
Global Model Accuracy: 28.25%
Round 57/100
Global Model Accuracy: 28.45%
Round 58/100
Global Model Accuracy: 28.08%
Round 59/100
Global Model Accuracy: 28.60%
Round 60/100
Global Model Accuracy: 26.02%
Round 61/100
Global Model Accuracy: 26.86%
Round 62/100
Global Model Accuracy: 22.50%
Round 63/100
Global Model Accuracy: 21.72%
Round 64/100
Global Model Accuracy: 21.73%
Round 65/100
Global Model Accuracy: 22.32%
Round 66/100
Global Model Accuracy: 22.92%
Round 67/100
Global Model Accuracy: 23.41%
Round 68/100
Global Model Accuracy: 25.51%
Round 69/100
Global Model Accuracy: 25.63%
Round 70/100
Global Model Accuracy: 24.97%
Round 71/100
Global Model Accuracy: 25.80%
Round 72/100
Global Model Accuracy: 27.75%
Round 73/100
Global Model Accuracy: 27.16%
Round 74/100
Global Model Accuracy: 26.12%
Round 75/100
Global Model Accuracy: 27.94%
Round 76/100
Global Model Accuracy: 27.20%
Round 77/100
Global Model Accuracy: 25.91%
Round 78/100
Global Model Accuracy: 25.87%
Round 79/100
Global Model Accuracy: 27.55%
Round 80/100
Global Model Accuracy: 24.84%
Round 81/100
Global Model Accuracy: 25.21%
Round 82/100
Global Model Accuracy: 25.10%
Round 83/100
Global Model Accuracy: 24.70%
Round 84/100
Global Model Accuracy: 24.03%
Round 85/100
Global Model Accuracy: 24.66%
Round 86/100
Global Model Accuracy: 25.08%
Round 87/100
Global Model Accuracy: 24.80%
Round 88/100
Global Model Accuracy: 25.05%
Round 89/100
Global Model Accuracy: 25.96%
Round 90/100
Global Model Accuracy: 26.10%
Round 91/100
Global Model Accuracy: 24.78%
Round 92/100
Global Model Accuracy: 24.68%
Round 93/100
Global Model Accuracy: 24.60%
Round 94/100
Global Model Accuracy: 26.44%
Round 95/100
Global Model Accuracy: 29.22%
Round 96/100
Global Model Accuracy: 30.34%
Round 97/100
Global Model Accuracy: 31.04%
Round 98/100
Global Model Accuracy: 31.31%
Round 99/100
Global Model Accuracy: 31.78%
Round 100/100
Global Model Accuracy: 31.59%
