/home/greenbn3/miniconda3/envs/dp_fedavg_env/lib/python3.12/site-packages/torch/nn/modules/module.py:1827: FutureWarning: Using a non-full backward hook when the forward contains multiple autograd Nodes is deprecated and will be removed in future versions. This hook will be missing some grad_input. Please use register_full_backward_hook to get the documented behavior.
  self._maybe_warn_non_full_backward_hook(args, result, grad_fn)
/home/greenbn3/DP-FedAvg/DP_FL.py:270: UserWarning: FigureCanvasAgg is non-interactive, and thus cannot be shown
  plt.show()
Using device: cuda
Round 1/100
Global Model Accuracy: 13.24%
Round 2/100
Global Model Accuracy: 11.39%
Round 3/100
Global Model Accuracy: 7.24%
Round 4/100
Global Model Accuracy: 19.43%
Round 5/100
Global Model Accuracy: 18.45%
Round 6/100
Global Model Accuracy: 16.99%
Round 7/100
Global Model Accuracy: 18.77%
Round 8/100
Global Model Accuracy: 22.84%
Round 9/100
Global Model Accuracy: 22.13%
Round 10/100
Global Model Accuracy: 20.52%
Round 11/100
Global Model Accuracy: 20.81%
Round 12/100
Global Model Accuracy: 18.05%
Round 13/100
Global Model Accuracy: 18.98%
Round 14/100
Global Model Accuracy: 18.79%
Round 15/100
Global Model Accuracy: 20.20%
Round 16/100
Global Model Accuracy: 18.31%
Round 17/100
Global Model Accuracy: 18.31%
Round 18/100
Global Model Accuracy: 16.00%
Round 19/100
Global Model Accuracy: 18.29%
Round 20/100
Global Model Accuracy: 15.75%
Round 21/100
Global Model Accuracy: 18.49%
Round 22/100
Global Model Accuracy: 20.08%
Round 23/100
Global Model Accuracy: 21.52%
Round 24/100
Global Model Accuracy: 17.69%
Round 25/100
Global Model Accuracy: 16.66%
Round 26/100
Global Model Accuracy: 18.02%
Round 27/100
Global Model Accuracy: 18.30%
Round 28/100
Global Model Accuracy: 19.89%
Round 29/100
Global Model Accuracy: 20.32%
Round 30/100
Global Model Accuracy: 19.05%
Round 31/100
Global Model Accuracy: 21.81%
Round 32/100
Global Model Accuracy: 20.60%
Round 33/100
Global Model Accuracy: 17.94%
Round 34/100
Global Model Accuracy: 18.16%
Round 35/100
Global Model Accuracy: 20.18%
Round 36/100
Global Model Accuracy: 21.98%
Round 37/100
Global Model Accuracy: 24.16%
Round 38/100
Global Model Accuracy: 24.20%
Round 39/100
Global Model Accuracy: 23.66%
Round 40/100
Global Model Accuracy: 22.82%
Round 41/100
Global Model Accuracy: 21.84%
Round 42/100
Global Model Accuracy: 21.46%
Round 43/100
Global Model Accuracy: 22.57%
Round 44/100
Global Model Accuracy: 23.43%
Round 45/100
Global Model Accuracy: 24.68%
Round 46/100
Global Model Accuracy: 23.48%
Round 47/100
Global Model Accuracy: 22.03%
Round 48/100
Global Model Accuracy: 20.39%
Round 49/100
Global Model Accuracy: 21.68%
Round 50/100
Global Model Accuracy: 23.40%
Round 51/100
Global Model Accuracy: 24.98%
Round 52/100
Global Model Accuracy: 25.13%
Round 53/100
Global Model Accuracy: 23.18%
Round 54/100
Global Model Accuracy: 24.50%
Round 55/100
Global Model Accuracy: 23.24%
Round 56/100
Global Model Accuracy: 21.93%
Round 57/100
Global Model Accuracy: 23.40%
Round 58/100
Global Model Accuracy: 24.00%
Round 59/100
Global Model Accuracy: 26.14%
Round 60/100
Global Model Accuracy: 24.62%
Round 61/100
Global Model Accuracy: 27.10%
Round 62/100
Global Model Accuracy: 27.27%
Round 63/100
Global Model Accuracy: 28.41%
Round 64/100
Global Model Accuracy: 28.58%
Round 65/100
Global Model Accuracy: 29.50%
Round 66/100
Global Model Accuracy: 28.39%
Round 67/100
Global Model Accuracy: 25.56%
Round 68/100
Global Model Accuracy: 26.32%
Round 69/100
Global Model Accuracy: 30.52%
Round 70/100
Global Model Accuracy: 31.70%
Round 71/100
Global Model Accuracy: 30.36%
Round 72/100
Global Model Accuracy: 31.94%
Round 73/100
Global Model Accuracy: 30.66%
Round 74/100
Global Model Accuracy: 34.14%
Round 75/100
Global Model Accuracy: 34.10%
Round 76/100
Global Model Accuracy: 34.14%
Round 77/100
Global Model Accuracy: 34.50%
Round 78/100
Global Model Accuracy: 35.20%
Round 79/100
Global Model Accuracy: 34.12%
Round 80/100
Global Model Accuracy: 32.55%
Round 81/100
Global Model Accuracy: 33.28%
Round 82/100
Global Model Accuracy: 34.74%
Round 83/100
Global Model Accuracy: 36.50%
Round 84/100
Global Model Accuracy: 35.72%
Round 85/100
Global Model Accuracy: 34.17%
Round 86/100
Global Model Accuracy: 31.21%
Round 87/100
Global Model Accuracy: 31.38%
Round 88/100
Global Model Accuracy: 31.87%
Round 89/100
Global Model Accuracy: 30.70%
Round 90/100
Global Model Accuracy: 29.84%
Round 91/100
Global Model Accuracy: 31.01%
Round 92/100
Global Model Accuracy: 31.08%
Round 93/100
Global Model Accuracy: 30.43%
Round 94/100
Global Model Accuracy: 28.39%
Round 95/100
Global Model Accuracy: 28.09%
Round 96/100
Global Model Accuracy: 30.52%
Round 97/100
Global Model Accuracy: 30.82%
Round 98/100
Global Model Accuracy: 32.21%
Round 99/100
Global Model Accuracy: 30.53%
Round 100/100
Global Model Accuracy: 31.65%
