/home/greenbn3/miniconda3/envs/dp_fedavg_env/lib/python3.12/site-packages/torch/nn/modules/module.py:1827: FutureWarning: Using a non-full backward hook when the forward contains multiple autograd Nodes is deprecated and will be removed in future versions. This hook will be missing some grad_input. Please use register_full_backward_hook to get the documented behavior.
  self._maybe_warn_non_full_backward_hook(args, result, grad_fn)
/home/greenbn3/DP-FedAvg/DP_FL.py:270: UserWarning: FigureCanvasAgg is non-interactive, and thus cannot be shown
  plt.show()
Using device: cuda
Round 1/100
Global Model Accuracy: 10.32%
Round 2/100
Global Model Accuracy: 7.26%
Round 3/100
Global Model Accuracy: 12.12%
Round 4/100
Global Model Accuracy: 12.77%
Round 5/100
Global Model Accuracy: 8.36%
Round 6/100
Global Model Accuracy: 12.52%
Round 7/100
Global Model Accuracy: 11.61%
Round 8/100
Global Model Accuracy: 11.13%
Round 9/100
Global Model Accuracy: 14.05%
Round 10/100
Global Model Accuracy: 12.78%
Round 11/100
Global Model Accuracy: 15.87%
Round 12/100
Global Model Accuracy: 17.62%
Round 13/100
Global Model Accuracy: 18.26%
Round 14/100
Global Model Accuracy: 19.44%
Round 15/100
Global Model Accuracy: 17.42%
Round 16/100
Global Model Accuracy: 17.37%
Round 17/100
Global Model Accuracy: 18.91%
Round 18/100
Global Model Accuracy: 19.20%
Round 19/100
Global Model Accuracy: 23.33%
Round 20/100
Global Model Accuracy: 22.57%
Round 21/100
Global Model Accuracy: 23.04%
Round 22/100
Global Model Accuracy: 24.02%
Round 23/100
Global Model Accuracy: 23.22%
Round 24/100
Global Model Accuracy: 19.55%
Round 25/100
Global Model Accuracy: 19.08%
Round 26/100
Global Model Accuracy: 17.07%
Round 27/100
Global Model Accuracy: 18.47%
Round 28/100
Global Model Accuracy: 16.97%
Round 29/100
Global Model Accuracy: 18.33%
Round 30/100
Global Model Accuracy: 22.21%
Round 31/100
Global Model Accuracy: 20.57%
Round 32/100
Global Model Accuracy: 20.77%
Round 33/100
Global Model Accuracy: 21.16%
Round 34/100
Global Model Accuracy: 24.53%
Round 35/100
Global Model Accuracy: 25.58%
Round 36/100
Global Model Accuracy: 25.33%
Round 37/100
Global Model Accuracy: 23.07%
Round 38/100
Global Model Accuracy: 22.96%
Round 39/100
Global Model Accuracy: 24.84%
Round 40/100
Global Model Accuracy: 23.16%
Round 41/100
Global Model Accuracy: 22.77%
Round 42/100
Global Model Accuracy: 25.43%
Round 43/100
Global Model Accuracy: 26.87%
Round 44/100
Global Model Accuracy: 23.00%
Round 45/100
Global Model Accuracy: 25.39%
Round 46/100
Global Model Accuracy: 25.18%
Round 47/100
Global Model Accuracy: 23.87%
Round 48/100
Global Model Accuracy: 24.59%
Round 49/100
Global Model Accuracy: 26.02%
Round 50/100
Global Model Accuracy: 25.34%
Round 51/100
Global Model Accuracy: 22.84%
Round 52/100
Global Model Accuracy: 22.48%
Round 53/100
Global Model Accuracy: 21.46%
Round 54/100
Global Model Accuracy: 23.58%
Round 55/100
Global Model Accuracy: 24.45%
Round 56/100
Global Model Accuracy: 25.22%
Round 57/100
Global Model Accuracy: 23.31%
Round 58/100
Global Model Accuracy: 24.48%
Round 59/100
Global Model Accuracy: 21.89%
Round 60/100
Global Model Accuracy: 21.27%
Round 61/100
Global Model Accuracy: 23.79%
Round 62/100
Global Model Accuracy: 24.39%
Round 63/100
Global Model Accuracy: 23.54%
Round 64/100
Global Model Accuracy: 20.97%
Round 65/100
Global Model Accuracy: 23.87%
Round 66/100
Global Model Accuracy: 26.57%
Round 67/100
Global Model Accuracy: 27.00%
Round 68/100
Global Model Accuracy: 26.80%
Round 69/100
Global Model Accuracy: 25.80%
Round 70/100
Global Model Accuracy: 27.57%
Round 71/100
Global Model Accuracy: 26.95%
Round 72/100
Global Model Accuracy: 26.39%
Round 73/100
Global Model Accuracy: 26.77%
Round 74/100
Global Model Accuracy: 25.59%
Round 75/100
Global Model Accuracy: 25.12%
Round 76/100
Global Model Accuracy: 25.18%
Round 77/100
Global Model Accuracy: 25.68%
Round 78/100
Global Model Accuracy: 25.25%
Round 79/100
Global Model Accuracy: 27.74%
Round 80/100
Global Model Accuracy: 26.25%
Round 81/100
Global Model Accuracy: 24.91%
Round 82/100
Global Model Accuracy: 24.93%
Round 83/100
Global Model Accuracy: 24.70%
Round 84/100
Global Model Accuracy: 26.01%
Round 85/100
Global Model Accuracy: 24.98%
Round 86/100
Global Model Accuracy: 22.51%
Round 87/100
Global Model Accuracy: 23.97%
Round 88/100
Global Model Accuracy: 22.77%
Round 89/100
Global Model Accuracy: 23.28%
Round 90/100
Global Model Accuracy: 24.04%
Round 91/100
Global Model Accuracy: 24.64%
Round 92/100
Global Model Accuracy: 25.78%
Round 93/100
Global Model Accuracy: 26.41%
Round 94/100
Global Model Accuracy: 26.88%
Round 95/100
Global Model Accuracy: 28.44%
Round 96/100
Global Model Accuracy: 28.68%
Round 97/100
Global Model Accuracy: 27.74%
Round 98/100
Global Model Accuracy: 27.58%
Round 99/100
Global Model Accuracy: 28.99%
Round 100/100
Global Model Accuracy: 30.86%
