/home/greenbn3/miniconda3/envs/dp_fedavg_env/lib/python3.12/site-packages/torch/nn/modules/module.py:1827: FutureWarning: Using a non-full backward hook when the forward contains multiple autograd Nodes is deprecated and will be removed in future versions. This hook will be missing some grad_input. Please use register_full_backward_hook to get the documented behavior.
  self._maybe_warn_non_full_backward_hook(args, result, grad_fn)
/home/greenbn3/DP-FedAvg/DP_FL.py:270: UserWarning: FigureCanvasAgg is non-interactive, and thus cannot be shown
  plt.show()
Using device: cuda
Round 1/100
Global Model Accuracy: 11.88%
Round 2/100
Global Model Accuracy: 14.75%
Round 3/100
Global Model Accuracy: 10.38%
Round 4/100
Global Model Accuracy: 14.04%
Round 5/100
Global Model Accuracy: 15.50%
Round 6/100
Global Model Accuracy: 18.24%
Round 7/100
Global Model Accuracy: 16.86%
Round 8/100
Global Model Accuracy: 14.21%
Round 9/100
Global Model Accuracy: 20.63%
Round 10/100
Global Model Accuracy: 22.90%
Round 11/100
Global Model Accuracy: 24.12%
Round 12/100
Global Model Accuracy: 22.31%
Round 13/100
Global Model Accuracy: 19.11%
Round 14/100
Global Model Accuracy: 20.59%
Round 15/100
Global Model Accuracy: 20.97%
Round 16/100
Global Model Accuracy: 19.89%
Round 17/100
Global Model Accuracy: 19.45%
Round 18/100
Global Model Accuracy: 19.82%
Round 19/100
Global Model Accuracy: 22.04%
Round 20/100
Global Model Accuracy: 22.03%
Round 21/100
Global Model Accuracy: 22.94%
Round 22/100
Global Model Accuracy: 21.53%
Round 23/100
Global Model Accuracy: 23.10%
Round 24/100
Global Model Accuracy: 21.65%
Round 25/100
Global Model Accuracy: 23.88%
Round 26/100
Global Model Accuracy: 28.30%
Round 27/100
Global Model Accuracy: 27.22%
Round 28/100
Global Model Accuracy: 23.61%
Round 29/100
Global Model Accuracy: 23.68%
Round 30/100
Global Model Accuracy: 23.79%
Round 31/100
Global Model Accuracy: 23.94%
Round 32/100
Global Model Accuracy: 24.72%
Round 33/100
Global Model Accuracy: 23.27%
Round 34/100
Global Model Accuracy: 22.61%
Round 35/100
Global Model Accuracy: 21.10%
Round 36/100
Global Model Accuracy: 20.41%
Round 37/100
Global Model Accuracy: 24.59%
Round 38/100
Global Model Accuracy: 23.50%
Round 39/100
Global Model Accuracy: 23.02%
Round 40/100
Global Model Accuracy: 23.52%
Round 41/100
Global Model Accuracy: 21.94%
Round 42/100
Global Model Accuracy: 22.60%
Round 43/100
Global Model Accuracy: 21.71%
Round 44/100
Global Model Accuracy: 24.04%
Round 45/100
Global Model Accuracy: 23.05%
Round 46/100
Global Model Accuracy: 25.75%
Round 47/100
Global Model Accuracy: 24.63%
Round 48/100
Global Model Accuracy: 26.17%
Round 49/100
Global Model Accuracy: 23.90%
Round 50/100
Global Model Accuracy: 21.89%
Round 51/100
Global Model Accuracy: 23.46%
Round 52/100
Global Model Accuracy: 23.38%
Round 53/100
Global Model Accuracy: 25.15%
Round 54/100
Global Model Accuracy: 24.43%
Round 55/100
Global Model Accuracy: 25.30%
Round 56/100
Global Model Accuracy: 25.59%
Round 57/100
Global Model Accuracy: 25.93%
Round 58/100
Global Model Accuracy: 27.58%
Round 59/100
Global Model Accuracy: 26.21%
Round 60/100
Global Model Accuracy: 25.56%
Round 61/100
Global Model Accuracy: 26.75%
Round 62/100
Global Model Accuracy: 25.90%
Round 63/100
Global Model Accuracy: 25.87%
Round 64/100
Global Model Accuracy: 26.08%
Round 65/100
Global Model Accuracy: 23.18%
Round 66/100
Global Model Accuracy: 26.38%
Round 67/100
Global Model Accuracy: 25.47%
Round 68/100
Global Model Accuracy: 27.60%
Round 69/100
Global Model Accuracy: 30.07%
Round 70/100
Global Model Accuracy: 30.19%
Round 71/100
Global Model Accuracy: 28.76%
Round 72/100
Global Model Accuracy: 30.69%
Round 73/100
Global Model Accuracy: 28.08%
Round 74/100
Global Model Accuracy: 27.01%
Round 75/100
Global Model Accuracy: 28.12%
Round 76/100
Global Model Accuracy: 27.75%
Round 77/100
Global Model Accuracy: 30.26%
Round 78/100
Global Model Accuracy: 31.65%
Round 79/100
Global Model Accuracy: 29.55%
Round 80/100
Global Model Accuracy: 28.48%
Round 81/100
Global Model Accuracy: 25.90%
Round 82/100
Global Model Accuracy: 28.21%
Round 83/100
Global Model Accuracy: 29.41%
Round 84/100
Global Model Accuracy: 28.60%
Round 85/100
Global Model Accuracy: 27.43%
Round 86/100
Global Model Accuracy: 26.48%
Round 87/100
Global Model Accuracy: 28.52%
Round 88/100
Global Model Accuracy: 27.20%
Round 89/100
Global Model Accuracy: 26.01%
Round 90/100
Global Model Accuracy: 25.53%
Round 91/100
Global Model Accuracy: 25.92%
Round 92/100
Global Model Accuracy: 26.99%
Round 93/100
Global Model Accuracy: 26.15%
Round 94/100
Global Model Accuracy: 26.55%
Round 95/100
Global Model Accuracy: 27.19%
Round 96/100
Global Model Accuracy: 28.85%
Round 97/100
Global Model Accuracy: 29.98%
Round 98/100
Global Model Accuracy: 31.61%
Round 99/100
Global Model Accuracy: 29.14%
Round 100/100
Global Model Accuracy: 29.72%
