/home/greenbn3/miniconda3/envs/dp_fedavg_env/lib/python3.12/site-packages/torch/nn/modules/module.py:1827: FutureWarning: Using a non-full backward hook when the forward contains multiple autograd Nodes is deprecated and will be removed in future versions. This hook will be missing some grad_input. Please use register_full_backward_hook to get the documented behavior.
  self._maybe_warn_non_full_backward_hook(args, result, grad_fn)
/home/greenbn3/DP-FedAvg/DP_FL.py:270: UserWarning: FigureCanvasAgg is non-interactive, and thus cannot be shown
  plt.show()
Using device: cuda
Round 1/100
Global Model Accuracy: 12.11%
Round 2/100
Global Model Accuracy: 9.61%
Round 3/100
Global Model Accuracy: 8.04%
Round 4/100
Global Model Accuracy: 9.12%
Round 5/100
Global Model Accuracy: 13.96%
Round 6/100
Global Model Accuracy: 15.82%
Round 7/100
Global Model Accuracy: 14.39%
Round 8/100
Global Model Accuracy: 15.93%
Round 9/100
Global Model Accuracy: 19.28%
Round 10/100
Global Model Accuracy: 18.85%
Round 11/100
Global Model Accuracy: 16.62%
Round 12/100
Global Model Accuracy: 16.35%
Round 13/100
Global Model Accuracy: 14.92%
Round 14/100
Global Model Accuracy: 14.72%
Round 15/100
Global Model Accuracy: 15.12%
Round 16/100
Global Model Accuracy: 12.31%
Round 17/100
Global Model Accuracy: 15.73%
Round 18/100
Global Model Accuracy: 15.09%
Round 19/100
Global Model Accuracy: 16.75%
Round 20/100
Global Model Accuracy: 17.28%
Round 21/100
Global Model Accuracy: 15.93%
Round 22/100
Global Model Accuracy: 17.45%
Round 23/100
Global Model Accuracy: 18.47%
Round 24/100
Global Model Accuracy: 17.58%
Round 25/100
Global Model Accuracy: 19.12%
Round 26/100
Global Model Accuracy: 20.37%
Round 27/100
Global Model Accuracy: 18.37%
Round 28/100
Global Model Accuracy: 17.80%
Round 29/100
Global Model Accuracy: 22.69%
Round 30/100
Global Model Accuracy: 22.55%
Round 31/100
Global Model Accuracy: 20.17%
Round 32/100
Global Model Accuracy: 19.85%
Round 33/100
Global Model Accuracy: 20.82%
Round 34/100
Global Model Accuracy: 19.56%
Round 35/100
Global Model Accuracy: 19.20%
Round 36/100
Global Model Accuracy: 18.53%
Round 37/100
Global Model Accuracy: 21.79%
Round 38/100
Global Model Accuracy: 20.80%
Round 39/100
Global Model Accuracy: 20.36%
Round 40/100
Global Model Accuracy: 19.38%
Round 41/100
Global Model Accuracy: 19.75%
Round 42/100
Global Model Accuracy: 21.61%
Round 43/100
Global Model Accuracy: 23.82%
Round 44/100
Global Model Accuracy: 23.36%
Round 45/100
Global Model Accuracy: 22.09%
Round 46/100
Global Model Accuracy: 22.60%
Round 47/100
Global Model Accuracy: 22.19%
Round 48/100
Global Model Accuracy: 20.55%
Round 49/100
Global Model Accuracy: 23.06%
Round 50/100
Global Model Accuracy: 21.28%
Round 51/100
Global Model Accuracy: 18.65%
Round 52/100
Global Model Accuracy: 19.15%
Round 53/100
Global Model Accuracy: 20.17%
Round 54/100
Global Model Accuracy: 20.59%
Round 55/100
Global Model Accuracy: 21.71%
Round 56/100
Global Model Accuracy: 23.43%
Round 57/100
Global Model Accuracy: 22.66%
Round 58/100
Global Model Accuracy: 23.67%
Round 59/100
Global Model Accuracy: 24.29%
Round 60/100
Global Model Accuracy: 23.62%
Round 61/100
Global Model Accuracy: 23.63%
Round 62/100
Global Model Accuracy: 24.73%
Round 63/100
Global Model Accuracy: 25.95%
Round 64/100
Global Model Accuracy: 23.20%
Round 65/100
Global Model Accuracy: 27.51%
Round 66/100
Global Model Accuracy: 29.89%
Round 67/100
Global Model Accuracy: 28.84%
Round 68/100
Global Model Accuracy: 26.80%
Round 69/100
Global Model Accuracy: 27.57%
Round 70/100
Global Model Accuracy: 27.98%
Round 71/100
Global Model Accuracy: 29.68%
Round 72/100
Global Model Accuracy: 30.39%
Round 73/100
Global Model Accuracy: 29.73%
Round 74/100
Global Model Accuracy: 28.46%
Round 75/100
Global Model Accuracy: 25.52%
Round 76/100
Global Model Accuracy: 24.84%
Round 77/100
Global Model Accuracy: 25.54%
Round 78/100
Global Model Accuracy: 25.95%
Round 79/100
Global Model Accuracy: 28.57%
Round 80/100
Global Model Accuracy: 29.30%
Round 81/100
Global Model Accuracy: 28.22%
Round 82/100
Global Model Accuracy: 29.77%
Round 83/100
Global Model Accuracy: 29.58%
Round 84/100
Global Model Accuracy: 31.14%
Round 85/100
Global Model Accuracy: 31.95%
Round 86/100
Global Model Accuracy: 31.70%
Round 87/100
Global Model Accuracy: 29.32%
Round 88/100
Global Model Accuracy: 30.14%
Round 89/100
Global Model Accuracy: 32.60%
Round 90/100
Global Model Accuracy: 32.62%
Round 91/100
Global Model Accuracy: 31.78%
Round 92/100
Global Model Accuracy: 30.76%
Round 93/100
Global Model Accuracy: 31.77%
Round 94/100
Global Model Accuracy: 32.52%
Round 95/100
Global Model Accuracy: 31.83%
Round 96/100
Global Model Accuracy: 32.92%
Round 97/100
Global Model Accuracy: 31.48%
Round 98/100
Global Model Accuracy: 31.57%
Round 99/100
Global Model Accuracy: 30.22%
Round 100/100
Global Model Accuracy: 30.89%
