/home/greenbn3/miniconda3/envs/dp_fedavg_env/lib/python3.12/site-packages/torch/nn/modules/module.py:1827: FutureWarning: Using a non-full backward hook when the forward contains multiple autograd Nodes is deprecated and will be removed in future versions. This hook will be missing some grad_input. Please use register_full_backward_hook to get the documented behavior.
  self._maybe_warn_non_full_backward_hook(args, result, grad_fn)
/home/greenbn3/DP-FedAvg/DP_FL.py:270: UserWarning: FigureCanvasAgg is non-interactive, and thus cannot be shown
  plt.show()
Using device: cuda
Round 1/100
Global Model Accuracy: 9.22%
Round 2/100
Global Model Accuracy: 14.71%
Round 3/100
Global Model Accuracy: 12.00%
Round 4/100
Global Model Accuracy: 14.60%
Round 5/100
Global Model Accuracy: 15.69%
Round 6/100
Global Model Accuracy: 16.41%
Round 7/100
Global Model Accuracy: 15.12%
Round 8/100
Global Model Accuracy: 17.24%
Round 9/100
Global Model Accuracy: 15.40%
Round 10/100
Global Model Accuracy: 19.21%
Round 11/100
Global Model Accuracy: 16.11%
Round 12/100
Global Model Accuracy: 19.85%
Round 13/100
Global Model Accuracy: 21.47%
Round 14/100
Global Model Accuracy: 19.04%
Round 15/100
Global Model Accuracy: 22.97%
Round 16/100
Global Model Accuracy: 19.57%
Round 17/100
Global Model Accuracy: 19.71%
Round 18/100
Global Model Accuracy: 20.56%
Round 19/100
Global Model Accuracy: 23.54%
Round 20/100
Global Model Accuracy: 27.35%
Round 21/100
Global Model Accuracy: 25.15%
Round 22/100
Global Model Accuracy: 27.72%
Round 23/100
Global Model Accuracy: 24.08%
Round 24/100
Global Model Accuracy: 22.53%
Round 25/100
Global Model Accuracy: 20.48%
Round 26/100
Global Model Accuracy: 22.73%
Round 27/100
Global Model Accuracy: 23.98%
Round 28/100
Global Model Accuracy: 24.59%
Round 29/100
Global Model Accuracy: 21.52%
Round 30/100
Global Model Accuracy: 24.33%
Round 31/100
Global Model Accuracy: 26.67%
Round 32/100
Global Model Accuracy: 23.90%
Round 33/100
Global Model Accuracy: 24.20%
Round 34/100
Global Model Accuracy: 22.75%
Round 35/100
Global Model Accuracy: 23.95%
Round 36/100
Global Model Accuracy: 24.57%
Round 37/100
Global Model Accuracy: 21.81%
Round 38/100
Global Model Accuracy: 21.74%
Round 39/100
Global Model Accuracy: 21.43%
Round 40/100
Global Model Accuracy: 23.35%
Round 41/100
Global Model Accuracy: 25.77%
Round 42/100
Global Model Accuracy: 24.47%
Round 43/100
Global Model Accuracy: 26.03%
Round 44/100
Global Model Accuracy: 23.16%
Round 45/100
Global Model Accuracy: 24.98%
Round 46/100
Global Model Accuracy: 24.76%
Round 47/100
Global Model Accuracy: 25.50%
Round 48/100
Global Model Accuracy: 24.19%
Round 49/100
Global Model Accuracy: 25.54%
Round 50/100
Global Model Accuracy: 25.68%
Round 51/100
Global Model Accuracy: 25.34%
Round 52/100
Global Model Accuracy: 25.11%
Round 53/100
Global Model Accuracy: 26.24%
Round 54/100
Global Model Accuracy: 25.82%
Round 55/100
Global Model Accuracy: 25.39%
Round 56/100
Global Model Accuracy: 26.05%
Round 57/100
Global Model Accuracy: 26.03%
Round 58/100
Global Model Accuracy: 25.76%
Round 59/100
Global Model Accuracy: 23.93%
Round 60/100
Global Model Accuracy: 24.71%
Round 61/100
Global Model Accuracy: 27.92%
Round 62/100
Global Model Accuracy: 28.51%
Round 63/100
Global Model Accuracy: 27.45%
Round 64/100
Global Model Accuracy: 29.47%
Round 65/100
Global Model Accuracy: 26.81%
Round 66/100
Global Model Accuracy: 26.88%
Round 67/100
Global Model Accuracy: 26.44%
Round 68/100
Global Model Accuracy: 28.69%
Round 69/100
Global Model Accuracy: 30.26%
Round 70/100
Global Model Accuracy: 28.95%
Round 71/100
Global Model Accuracy: 30.77%
Round 72/100
Global Model Accuracy: 30.54%
Round 73/100
Global Model Accuracy: 30.43%
Round 74/100
Global Model Accuracy: 30.68%
Round 75/100
Global Model Accuracy: 30.57%
Round 76/100
Global Model Accuracy: 29.20%
Round 77/100
Global Model Accuracy: 29.38%
Round 78/100
Global Model Accuracy: 30.31%
Round 79/100
Global Model Accuracy: 28.42%
Round 80/100
Global Model Accuracy: 28.77%
Round 81/100
Global Model Accuracy: 30.56%
Round 82/100
Global Model Accuracy: 28.83%
Round 83/100
Global Model Accuracy: 29.03%
Round 84/100
Global Model Accuracy: 29.71%
Round 85/100
Global Model Accuracy: 30.17%
Round 86/100
Global Model Accuracy: 28.21%
Round 87/100
Global Model Accuracy: 28.59%
Round 88/100
Global Model Accuracy: 29.13%
Round 89/100
Global Model Accuracy: 31.57%
Round 90/100
Global Model Accuracy: 32.80%
Round 91/100
Global Model Accuracy: 33.87%
Round 92/100
Global Model Accuracy: 32.38%
Round 93/100
Global Model Accuracy: 30.61%
Round 94/100
Global Model Accuracy: 31.14%
Round 95/100
Global Model Accuracy: 30.75%
Round 96/100
Global Model Accuracy: 30.81%
Round 97/100
Global Model Accuracy: 31.44%
Round 98/100
Global Model Accuracy: 32.54%
Round 99/100
Global Model Accuracy: 31.68%
Round 100/100
Global Model Accuracy: 32.20%
