/home/greenbn3/miniconda3/envs/dp_fedavg_env/lib/python3.12/site-packages/torch/nn/modules/module.py:1827: FutureWarning: Using a non-full backward hook when the forward contains multiple autograd Nodes is deprecated and will be removed in future versions. This hook will be missing some grad_input. Please use register_full_backward_hook to get the documented behavior.
  self._maybe_warn_non_full_backward_hook(args, result, grad_fn)
/home/greenbn3/DP-FedAvg/DP_FL.py:270: UserWarning: FigureCanvasAgg is non-interactive, and thus cannot be shown
  plt.show()
Using device: cuda
Round 1/100
Global Model Accuracy: 14.42%
Round 2/100
Global Model Accuracy: 11.15%
Round 3/100
Global Model Accuracy: 12.93%
Round 4/100
Global Model Accuracy: 16.64%
Round 5/100
Global Model Accuracy: 11.86%
Round 6/100
Global Model Accuracy: 11.86%
Round 7/100
Global Model Accuracy: 13.54%
Round 8/100
Global Model Accuracy: 11.77%
Round 9/100
Global Model Accuracy: 12.57%
Round 10/100
Global Model Accuracy: 13.63%
Round 11/100
Global Model Accuracy: 13.48%
Round 12/100
Global Model Accuracy: 12.63%
Round 13/100
Global Model Accuracy: 13.97%
Round 14/100
Global Model Accuracy: 13.82%
Round 15/100
Global Model Accuracy: 12.14%
Round 16/100
Global Model Accuracy: 14.35%
Round 17/100
Global Model Accuracy: 13.80%
Round 18/100
Global Model Accuracy: 17.14%
Round 19/100
Global Model Accuracy: 17.80%
Round 20/100
Global Model Accuracy: 21.34%
Round 21/100
Global Model Accuracy: 22.05%
Round 22/100
Global Model Accuracy: 18.59%
Round 23/100
Global Model Accuracy: 19.50%
Round 24/100
Global Model Accuracy: 21.57%
Round 25/100
Global Model Accuracy: 17.87%
Round 26/100
Global Model Accuracy: 21.31%
Round 27/100
Global Model Accuracy: 22.71%
Round 28/100
Global Model Accuracy: 20.52%
Round 29/100
Global Model Accuracy: 19.36%
Round 30/100
Global Model Accuracy: 17.64%
Round 31/100
Global Model Accuracy: 20.06%
Round 32/100
Global Model Accuracy: 20.66%
Round 33/100
Global Model Accuracy: 18.29%
Round 34/100
Global Model Accuracy: 16.82%
Round 35/100
Global Model Accuracy: 16.49%
Round 36/100
Global Model Accuracy: 18.78%
Round 37/100
Global Model Accuracy: 19.31%
Round 38/100
Global Model Accuracy: 20.72%
Round 39/100
Global Model Accuracy: 18.07%
Round 40/100
Global Model Accuracy: 21.72%
Round 41/100
Global Model Accuracy: 21.02%
Round 42/100
Global Model Accuracy: 22.84%
Round 43/100
Global Model Accuracy: 20.37%
Round 44/100
Global Model Accuracy: 23.34%
Round 45/100
Global Model Accuracy: 24.12%
Round 46/100
Global Model Accuracy: 25.26%
Round 47/100
Global Model Accuracy: 24.11%
Round 48/100
Global Model Accuracy: 24.28%
Round 49/100
Global Model Accuracy: 26.16%
Round 50/100
Global Model Accuracy: 26.22%
Round 51/100
Global Model Accuracy: 25.64%
Round 52/100
Global Model Accuracy: 26.21%
Round 53/100
Global Model Accuracy: 25.76%
Round 54/100
Global Model Accuracy: 26.41%
Round 55/100
Global Model Accuracy: 26.06%
Round 56/100
Global Model Accuracy: 27.42%
Round 57/100
Global Model Accuracy: 26.60%
Round 58/100
Global Model Accuracy: 26.24%
Round 59/100
Global Model Accuracy: 26.68%
Round 60/100
Global Model Accuracy: 24.72%
Round 61/100
Global Model Accuracy: 24.29%
Round 62/100
Global Model Accuracy: 24.74%
Round 63/100
Global Model Accuracy: 25.70%
Round 64/100
Global Model Accuracy: 26.21%
Round 65/100
Global Model Accuracy: 26.28%
Round 66/100
Global Model Accuracy: 27.84%
Round 67/100
Global Model Accuracy: 28.00%
Round 68/100
Global Model Accuracy: 28.26%
Round 69/100
Global Model Accuracy: 30.49%
Round 70/100
Global Model Accuracy: 30.23%
Round 71/100
Global Model Accuracy: 30.52%
Round 72/100
Global Model Accuracy: 30.32%
Round 73/100
Global Model Accuracy: 32.01%
Round 74/100
Global Model Accuracy: 29.83%
Round 75/100
Global Model Accuracy: 28.17%
Round 76/100
Global Model Accuracy: 27.65%
Round 77/100
Global Model Accuracy: 28.35%
Round 78/100
Global Model Accuracy: 30.04%
Round 79/100
Global Model Accuracy: 28.59%
Round 80/100
Global Model Accuracy: 25.81%
Round 81/100
Global Model Accuracy: 27.23%
Round 82/100
Global Model Accuracy: 27.22%
Round 83/100
Global Model Accuracy: 28.19%
Round 84/100
Global Model Accuracy: 29.27%
Round 85/100
Global Model Accuracy: 28.65%
Round 86/100
Global Model Accuracy: 25.74%
Round 87/100
Global Model Accuracy: 24.38%
Round 88/100
Global Model Accuracy: 23.98%
Round 89/100
Global Model Accuracy: 23.57%
Round 90/100
Global Model Accuracy: 23.23%
Round 91/100
Global Model Accuracy: 25.25%
Round 92/100
Global Model Accuracy: 25.17%
Round 93/100
Global Model Accuracy: 25.33%
Round 94/100
Global Model Accuracy: 23.80%
Round 95/100
Global Model Accuracy: 24.67%
Round 96/100
Global Model Accuracy: 27.11%
Round 97/100
Global Model Accuracy: 27.77%
Round 98/100
Global Model Accuracy: 29.23%
Round 99/100
Global Model Accuracy: 27.71%
Round 100/100
Global Model Accuracy: 29.32%
