/home/greenbn3/miniconda3/envs/dp_fedavg_env/lib/python3.12/site-packages/torch/nn/modules/module.py:1827: FutureWarning: Using a non-full backward hook when the forward contains multiple autograd Nodes is deprecated and will be removed in future versions. This hook will be missing some grad_input. Please use register_full_backward_hook to get the documented behavior.
  self._maybe_warn_non_full_backward_hook(args, result, grad_fn)
/home/greenbn3/DP-FedAvg/DP_FL.py:270: UserWarning: FigureCanvasAgg is non-interactive, and thus cannot be shown
  plt.show()
Using device: cuda
Round 1/100
Global Model Accuracy: 10.76%
Round 2/100
Global Model Accuracy: 11.27%
Round 3/100
Global Model Accuracy: 9.40%
Round 4/100
Global Model Accuracy: 10.24%
Round 5/100
Global Model Accuracy: 13.65%
Round 6/100
Global Model Accuracy: 13.82%
Round 7/100
Global Model Accuracy: 13.49%
Round 8/100
Global Model Accuracy: 15.61%
Round 9/100
Global Model Accuracy: 15.82%
Round 10/100
Global Model Accuracy: 18.91%
Round 11/100
Global Model Accuracy: 20.64%
Round 12/100
Global Model Accuracy: 20.88%
Round 13/100
Global Model Accuracy: 15.19%
Round 14/100
Global Model Accuracy: 15.03%
Round 15/100
Global Model Accuracy: 20.07%
Round 16/100
Global Model Accuracy: 21.86%
Round 17/100
Global Model Accuracy: 22.36%
Round 18/100
Global Model Accuracy: 20.47%
Round 19/100
Global Model Accuracy: 21.50%
Round 20/100
Global Model Accuracy: 17.06%
Round 21/100
Global Model Accuracy: 16.69%
Round 22/100
Global Model Accuracy: 17.82%
Round 23/100
Global Model Accuracy: 15.91%
Round 24/100
Global Model Accuracy: 16.98%
Round 25/100
Global Model Accuracy: 17.74%
Round 26/100
Global Model Accuracy: 15.03%
Round 27/100
Global Model Accuracy: 15.68%
Round 28/100
Global Model Accuracy: 16.70%
Round 29/100
Global Model Accuracy: 19.19%
Round 30/100
Global Model Accuracy: 18.55%
Round 31/100
Global Model Accuracy: 19.81%
Round 32/100
Global Model Accuracy: 19.84%
Round 33/100
Global Model Accuracy: 20.04%
Round 34/100
Global Model Accuracy: 17.53%
Round 35/100
Global Model Accuracy: 20.20%
Round 36/100
Global Model Accuracy: 19.20%
Round 37/100
Global Model Accuracy: 16.91%
Round 38/100
Global Model Accuracy: 20.68%
Round 39/100
Global Model Accuracy: 20.34%
Round 40/100
Global Model Accuracy: 20.87%
Round 41/100
Global Model Accuracy: 22.04%
Round 42/100
Global Model Accuracy: 24.01%
Round 43/100
Global Model Accuracy: 24.72%
Round 44/100
Global Model Accuracy: 21.09%
Round 45/100
Global Model Accuracy: 21.40%
Round 46/100
Global Model Accuracy: 20.30%
Round 47/100
Global Model Accuracy: 19.77%
Round 48/100
Global Model Accuracy: 21.47%
Round 49/100
Global Model Accuracy: 20.97%
Round 50/100
Global Model Accuracy: 21.69%
Round 51/100
Global Model Accuracy: 19.24%
Round 52/100
Global Model Accuracy: 18.73%
Round 53/100
Global Model Accuracy: 18.94%
Round 54/100
Global Model Accuracy: 18.82%
Round 55/100
Global Model Accuracy: 19.76%
Round 56/100
Global Model Accuracy: 21.16%
Round 57/100
Global Model Accuracy: 20.56%
Round 58/100
Global Model Accuracy: 20.17%
Round 59/100
Global Model Accuracy: 20.88%
Round 60/100
Global Model Accuracy: 22.07%
Round 61/100
Global Model Accuracy: 22.76%
Round 62/100
Global Model Accuracy: 24.96%
Round 63/100
Global Model Accuracy: 23.93%
Round 64/100
Global Model Accuracy: 23.36%
Round 65/100
Global Model Accuracy: 23.18%
Round 66/100
Global Model Accuracy: 20.28%
Round 67/100
Global Model Accuracy: 21.00%
Round 68/100
Global Model Accuracy: 22.25%
Round 69/100
Global Model Accuracy: 22.42%
Round 70/100
Global Model Accuracy: 25.36%
Round 71/100
Global Model Accuracy: 22.74%
Round 72/100
Global Model Accuracy: 21.47%
Round 73/100
Global Model Accuracy: 20.11%
Round 74/100
Global Model Accuracy: 21.39%
Round 75/100
Global Model Accuracy: 20.96%
Round 76/100
Global Model Accuracy: 20.67%
Round 77/100
Global Model Accuracy: 22.04%
Round 78/100
Global Model Accuracy: 21.02%
Round 79/100
Global Model Accuracy: 22.46%
Round 80/100
Global Model Accuracy: 21.83%
Round 81/100
Global Model Accuracy: 25.07%
Round 82/100
Global Model Accuracy: 26.05%
Round 83/100
Global Model Accuracy: 24.47%
Round 84/100
Global Model Accuracy: 23.26%
Round 85/100
Global Model Accuracy: 22.83%
Round 86/100
Global Model Accuracy: 23.13%
Round 87/100
Global Model Accuracy: 22.83%
Round 88/100
Global Model Accuracy: 23.10%
Round 89/100
Global Model Accuracy: 23.60%
Round 90/100
Global Model Accuracy: 23.41%
Round 91/100
Global Model Accuracy: 22.59%
Round 92/100
Global Model Accuracy: 20.35%
Round 93/100
Global Model Accuracy: 22.86%
Round 94/100
Global Model Accuracy: 22.70%
Round 95/100
Global Model Accuracy: 24.44%
Round 96/100
Global Model Accuracy: 24.00%
Round 97/100
Global Model Accuracy: 23.26%
Round 98/100
Global Model Accuracy: 25.44%
Round 99/100
Global Model Accuracy: 25.54%
Round 100/100
Global Model Accuracy: 28.63%
