/home/greenbn3/miniconda3/envs/dp_fedavg_env/lib/python3.12/site-packages/torch/nn/modules/module.py:1827: FutureWarning: Using a non-full backward hook when the forward contains multiple autograd Nodes is deprecated and will be removed in future versions. This hook will be missing some grad_input. Please use register_full_backward_hook to get the documented behavior.
  self._maybe_warn_non_full_backward_hook(args, result, grad_fn)
/home/greenbn3/DP-FedAvg/DP_FL.py:270: UserWarning: FigureCanvasAgg is non-interactive, and thus cannot be shown
  plt.show()
Using device: cuda
Round 1/100
Global Model Accuracy: 14.96%
Round 2/100
Global Model Accuracy: 12.00%
Round 3/100
Global Model Accuracy: 10.18%
Round 4/100
Global Model Accuracy: 10.31%
Round 5/100
Global Model Accuracy: 12.18%
Round 6/100
Global Model Accuracy: 13.37%
Round 7/100
Global Model Accuracy: 16.34%
Round 8/100
Global Model Accuracy: 15.76%
Round 9/100
Global Model Accuracy: 13.75%
Round 10/100
Global Model Accuracy: 17.28%
Round 11/100
Global Model Accuracy: 17.51%
Round 12/100
Global Model Accuracy: 15.17%
Round 13/100
Global Model Accuracy: 16.96%
Round 14/100
Global Model Accuracy: 20.73%
Round 15/100
Global Model Accuracy: 20.61%
Round 16/100
Global Model Accuracy: 21.19%
Round 17/100
Global Model Accuracy: 24.25%
Round 18/100
Global Model Accuracy: 20.02%
Round 19/100
Global Model Accuracy: 20.28%
Round 20/100
Global Model Accuracy: 16.06%
Round 21/100
Global Model Accuracy: 17.35%
Round 22/100
Global Model Accuracy: 18.79%
Round 23/100
Global Model Accuracy: 17.51%
Round 24/100
Global Model Accuracy: 19.40%
Round 25/100
Global Model Accuracy: 20.37%
Round 26/100
Global Model Accuracy: 17.32%
Round 27/100
Global Model Accuracy: 16.36%
Round 28/100
Global Model Accuracy: 18.86%
Round 29/100
Global Model Accuracy: 23.37%
Round 30/100
Global Model Accuracy: 25.83%
Round 31/100
Global Model Accuracy: 26.89%
Round 32/100
Global Model Accuracy: 26.73%
Round 33/100
Global Model Accuracy: 28.18%
Round 34/100
Global Model Accuracy: 26.09%
Round 35/100
Global Model Accuracy: 28.22%
Round 36/100
Global Model Accuracy: 28.52%
Round 37/100
Global Model Accuracy: 28.58%
Round 38/100
Global Model Accuracy: 29.89%
Round 39/100
Global Model Accuracy: 26.52%
Round 40/100
Global Model Accuracy: 26.07%
Round 41/100
Global Model Accuracy: 25.20%
Round 42/100
Global Model Accuracy: 29.30%
Round 43/100
Global Model Accuracy: 28.96%
Round 44/100
Global Model Accuracy: 30.64%
Round 45/100
Global Model Accuracy: 28.83%
Round 46/100
Global Model Accuracy: 28.51%
Round 47/100
Global Model Accuracy: 29.07%
Round 48/100
Global Model Accuracy: 28.50%
Round 49/100
Global Model Accuracy: 27.54%
Round 50/100
Global Model Accuracy: 27.52%
Round 51/100
Global Model Accuracy: 26.89%
Round 52/100
Global Model Accuracy: 26.22%
Round 53/100
Global Model Accuracy: 27.43%
Round 54/100
Global Model Accuracy: 25.34%
Round 55/100
Global Model Accuracy: 25.48%
Round 56/100
Global Model Accuracy: 27.05%
Round 57/100
Global Model Accuracy: 27.96%
Round 58/100
Global Model Accuracy: 29.21%
Round 59/100
Global Model Accuracy: 27.64%
Round 60/100
Global Model Accuracy: 27.22%
Round 61/100
Global Model Accuracy: 28.77%
Round 62/100
Global Model Accuracy: 29.28%
Round 63/100
Global Model Accuracy: 28.52%
Round 64/100
Global Model Accuracy: 28.29%
Round 65/100
Global Model Accuracy: 28.06%
Round 66/100
Global Model Accuracy: 28.51%
Round 67/100
Global Model Accuracy: 27.54%
Round 68/100
Global Model Accuracy: 28.64%
Round 69/100
Global Model Accuracy: 30.48%
Round 70/100
Global Model Accuracy: 31.39%
Round 71/100
Global Model Accuracy: 31.34%
Round 72/100
Global Model Accuracy: 30.78%
Round 73/100
Global Model Accuracy: 29.94%
Round 74/100
Global Model Accuracy: 29.33%
Round 75/100
Global Model Accuracy: 30.46%
Round 76/100
Global Model Accuracy: 29.29%
Round 77/100
Global Model Accuracy: 29.90%
Round 78/100
Global Model Accuracy: 29.75%
Round 79/100
Global Model Accuracy: 30.80%
Round 80/100
Global Model Accuracy: 29.59%
Round 81/100
Global Model Accuracy: 29.59%
Round 82/100
Global Model Accuracy: 29.87%
Round 83/100
Global Model Accuracy: 28.95%
Round 84/100
Global Model Accuracy: 26.01%
Round 85/100
Global Model Accuracy: 25.84%
Round 86/100
Global Model Accuracy: 26.16%
Round 87/100
Global Model Accuracy: 27.04%
Round 88/100
Global Model Accuracy: 27.57%
Round 89/100
Global Model Accuracy: 28.48%
Round 90/100
Global Model Accuracy: 27.72%
Round 91/100
Global Model Accuracy: 27.07%
Round 92/100
Global Model Accuracy: 25.70%
Round 93/100
Global Model Accuracy: 27.30%
Round 94/100
Global Model Accuracy: 29.18%
Round 95/100
Global Model Accuracy: 30.09%
Round 96/100
Global Model Accuracy: 31.50%
Round 97/100
Global Model Accuracy: 32.57%
Round 98/100
Global Model Accuracy: 32.88%
Round 99/100
Global Model Accuracy: 31.70%
Round 100/100
Global Model Accuracy: 30.21%
