/home/greenbn3/miniconda3/envs/dp_fedavg_env/lib/python3.12/site-packages/torch/nn/modules/module.py:1827: FutureWarning: Using a non-full backward hook when the forward contains multiple autograd Nodes is deprecated and will be removed in future versions. This hook will be missing some grad_input. Please use register_full_backward_hook to get the documented behavior.
  self._maybe_warn_non_full_backward_hook(args, result, grad_fn)
/home/greenbn3/DP-FedAvg/DP_FL.py:270: UserWarning: FigureCanvasAgg is non-interactive, and thus cannot be shown
  plt.show()
Using device: cuda
Round 1/100
Global Model Accuracy: 9.97%
Round 2/100
Global Model Accuracy: 8.82%
Round 3/100
Global Model Accuracy: 10.85%
Round 4/100
Global Model Accuracy: 15.02%
Round 5/100
Global Model Accuracy: 9.90%
Round 6/100
Global Model Accuracy: 12.92%
Round 7/100
Global Model Accuracy: 13.08%
Round 8/100
Global Model Accuracy: 13.61%
Round 9/100
Global Model Accuracy: 12.81%
Round 10/100
Global Model Accuracy: 14.72%
Round 11/100
Global Model Accuracy: 13.91%
Round 12/100
Global Model Accuracy: 15.76%
Round 13/100
Global Model Accuracy: 12.37%
Round 14/100
Global Model Accuracy: 10.46%
Round 15/100
Global Model Accuracy: 13.53%
Round 16/100
Global Model Accuracy: 13.06%
Round 17/100
Global Model Accuracy: 12.17%
Round 18/100
Global Model Accuracy: 11.20%
Round 19/100
Global Model Accuracy: 12.43%
Round 20/100
Global Model Accuracy: 13.36%
Round 21/100
Global Model Accuracy: 12.27%
Round 22/100
Global Model Accuracy: 11.90%
Round 23/100
Global Model Accuracy: 11.48%
Round 24/100
Global Model Accuracy: 14.20%
Round 25/100
Global Model Accuracy: 16.46%
Round 26/100
Global Model Accuracy: 14.29%
Round 27/100
Global Model Accuracy: 14.33%
Round 28/100
Global Model Accuracy: 12.06%
Round 29/100
Global Model Accuracy: 12.97%
Round 30/100
Global Model Accuracy: 13.95%
Round 31/100
Global Model Accuracy: 18.19%
Round 32/100
Global Model Accuracy: 19.00%
Round 33/100
Global Model Accuracy: 22.60%
Round 34/100
Global Model Accuracy: 22.42%
Round 35/100
Global Model Accuracy: 24.54%
Round 36/100
Global Model Accuracy: 24.53%
Round 37/100
Global Model Accuracy: 24.02%
Round 38/100
Global Model Accuracy: 24.36%
Round 39/100
Global Model Accuracy: 25.24%
Round 40/100
Global Model Accuracy: 25.67%
Round 41/100
Global Model Accuracy: 25.81%
Round 42/100
Global Model Accuracy: 26.83%
Round 43/100
Global Model Accuracy: 26.37%
Round 44/100
Global Model Accuracy: 25.82%
Round 45/100
Global Model Accuracy: 24.91%
Round 46/100
Global Model Accuracy: 22.22%
Round 47/100
Global Model Accuracy: 21.56%
Round 48/100
Global Model Accuracy: 26.23%
Round 49/100
Global Model Accuracy: 27.30%
Round 50/100
Global Model Accuracy: 26.28%
Round 51/100
Global Model Accuracy: 23.44%
Round 52/100
Global Model Accuracy: 24.57%
Round 53/100
Global Model Accuracy: 25.71%
Round 54/100
Global Model Accuracy: 24.04%
Round 55/100
Global Model Accuracy: 24.73%
Round 56/100
Global Model Accuracy: 26.03%
Round 57/100
Global Model Accuracy: 24.90%
Round 58/100
Global Model Accuracy: 24.53%
Round 59/100
Global Model Accuracy: 26.49%
Round 60/100
Global Model Accuracy: 27.11%
Round 61/100
Global Model Accuracy: 26.91%
Round 62/100
Global Model Accuracy: 28.10%
Round 63/100
Global Model Accuracy: 28.18%
Round 64/100
Global Model Accuracy: 26.91%
Round 65/100
Global Model Accuracy: 25.73%
Round 66/100
Global Model Accuracy: 27.37%
Round 67/100
Global Model Accuracy: 29.17%
Round 68/100
Global Model Accuracy: 30.30%
Round 69/100
Global Model Accuracy: 30.96%
Round 70/100
Global Model Accuracy: 30.48%
Round 71/100
Global Model Accuracy: 30.67%
Round 72/100
Global Model Accuracy: 29.92%
Round 73/100
Global Model Accuracy: 30.77%
Round 74/100
Global Model Accuracy: 31.33%
Round 75/100
Global Model Accuracy: 31.30%
Round 76/100
Global Model Accuracy: 30.75%
Round 77/100
Global Model Accuracy: 29.56%
Round 78/100
Global Model Accuracy: 29.14%
Round 79/100
Global Model Accuracy: 29.56%
Round 80/100
Global Model Accuracy: 29.80%
Round 81/100
Global Model Accuracy: 27.84%
Round 82/100
Global Model Accuracy: 27.59%
Round 83/100
Global Model Accuracy: 30.79%
Round 84/100
Global Model Accuracy: 29.33%
Round 85/100
Global Model Accuracy: 30.01%
Round 86/100
Global Model Accuracy: 32.76%
Round 87/100
Global Model Accuracy: 31.44%
Round 88/100
Global Model Accuracy: 32.28%
Round 89/100
Global Model Accuracy: 31.01%
Round 90/100
Global Model Accuracy: 31.23%
Round 91/100
Global Model Accuracy: 31.88%
Round 92/100
Global Model Accuracy: 31.48%
Round 93/100
Global Model Accuracy: 32.36%
Round 94/100
Global Model Accuracy: 30.80%
Round 95/100
Global Model Accuracy: 30.79%
Round 96/100
Global Model Accuracy: 31.18%
Round 97/100
Global Model Accuracy: 30.94%
Round 98/100
Global Model Accuracy: 29.93%
Round 99/100
Global Model Accuracy: 29.19%
Round 100/100
Global Model Accuracy: 27.81%
