/home/greenbn3/miniconda3/envs/dp_fedavg_env/lib/python3.12/site-packages/torch/nn/modules/module.py:1827: FutureWarning: Using a non-full backward hook when the forward contains multiple autograd Nodes is deprecated and will be removed in future versions. This hook will be missing some grad_input. Please use register_full_backward_hook to get the documented behavior.
  self._maybe_warn_non_full_backward_hook(args, result, grad_fn)
/home/greenbn3/DP-FedAvg/DP_FL.py:270: UserWarning: FigureCanvasAgg is non-interactive, and thus cannot be shown
  plt.show()
Using device: cuda
Round 1/100
Global Model Accuracy: 9.93%
Round 2/100
Global Model Accuracy: 11.90%
Round 3/100
Global Model Accuracy: 12.71%
Round 4/100
Global Model Accuracy: 15.11%
Round 5/100
Global Model Accuracy: 11.64%
Round 6/100
Global Model Accuracy: 14.28%
Round 7/100
Global Model Accuracy: 13.31%
Round 8/100
Global Model Accuracy: 13.42%
Round 9/100
Global Model Accuracy: 11.36%
Round 10/100
Global Model Accuracy: 13.28%
Round 11/100
Global Model Accuracy: 16.72%
Round 12/100
Global Model Accuracy: 16.20%
Round 13/100
Global Model Accuracy: 16.26%
Round 14/100
Global Model Accuracy: 15.72%
Round 15/100
Global Model Accuracy: 12.35%
Round 16/100
Global Model Accuracy: 13.69%
Round 17/100
Global Model Accuracy: 13.52%
Round 18/100
Global Model Accuracy: 15.97%
Round 19/100
Global Model Accuracy: 14.11%
Round 20/100
Global Model Accuracy: 14.81%
Round 21/100
Global Model Accuracy: 16.59%
Round 22/100
Global Model Accuracy: 18.17%
Round 23/100
Global Model Accuracy: 20.30%
Round 24/100
Global Model Accuracy: 25.70%
Round 25/100
Global Model Accuracy: 22.48%
Round 26/100
Global Model Accuracy: 24.48%
Round 27/100
Global Model Accuracy: 25.74%
Round 28/100
Global Model Accuracy: 24.81%
Round 29/100
Global Model Accuracy: 25.85%
Round 30/100
Global Model Accuracy: 26.15%
Round 31/100
Global Model Accuracy: 28.66%
Round 32/100
Global Model Accuracy: 27.96%
Round 33/100
Global Model Accuracy: 29.70%
Round 34/100
Global Model Accuracy: 25.55%
Round 35/100
Global Model Accuracy: 23.90%
Round 36/100
Global Model Accuracy: 23.43%
Round 37/100
Global Model Accuracy: 26.12%
Round 38/100
Global Model Accuracy: 28.36%
Round 39/100
Global Model Accuracy: 27.69%
Round 40/100
Global Model Accuracy: 30.48%
Round 41/100
Global Model Accuracy: 25.32%
Round 42/100
Global Model Accuracy: 26.91%
Round 43/100
Global Model Accuracy: 29.48%
Round 44/100
Global Model Accuracy: 31.29%
Round 45/100
Global Model Accuracy: 32.12%
Round 46/100
Global Model Accuracy: 32.94%
Round 47/100
Global Model Accuracy: 30.67%
Round 48/100
Global Model Accuracy: 28.43%
Round 49/100
Global Model Accuracy: 29.46%
Round 50/100
Global Model Accuracy: 30.42%
Round 51/100
Global Model Accuracy: 29.37%
Round 52/100
Global Model Accuracy: 29.47%
Round 53/100
Global Model Accuracy: 31.21%
Round 54/100
Global Model Accuracy: 29.25%
Round 55/100
Global Model Accuracy: 28.07%
Round 56/100
Global Model Accuracy: 25.24%
Round 57/100
Global Model Accuracy: 26.91%
Round 58/100
Global Model Accuracy: 27.24%
Round 59/100
Global Model Accuracy: 26.21%
Round 60/100
Global Model Accuracy: 24.39%
Round 61/100
Global Model Accuracy: 24.48%
Round 62/100
Global Model Accuracy: 26.76%
Round 63/100
Global Model Accuracy: 28.41%
Round 64/100
Global Model Accuracy: 29.61%
Round 65/100
Global Model Accuracy: 29.24%
Round 66/100
Global Model Accuracy: 29.15%
Round 67/100
Global Model Accuracy: 28.03%
Round 68/100
Global Model Accuracy: 28.80%
Round 69/100
Global Model Accuracy: 27.77%
Round 70/100
Global Model Accuracy: 28.76%
Round 71/100
Global Model Accuracy: 26.60%
Round 72/100
Global Model Accuracy: 26.27%
Round 73/100
Global Model Accuracy: 25.55%
Round 74/100
Global Model Accuracy: 27.99%
Round 75/100
Global Model Accuracy: 27.12%
Round 76/100
Global Model Accuracy: 28.04%
Round 77/100
Global Model Accuracy: 29.24%
Round 78/100
Global Model Accuracy: 29.56%
Round 79/100
Global Model Accuracy: 29.26%
Round 80/100
Global Model Accuracy: 28.07%
Round 81/100
Global Model Accuracy: 29.42%
Round 82/100
Global Model Accuracy: 30.40%
Round 83/100
Global Model Accuracy: 32.84%
Round 84/100
Global Model Accuracy: 33.42%
Round 85/100
Global Model Accuracy: 33.94%
Round 86/100
Global Model Accuracy: 33.16%
Round 87/100
Global Model Accuracy: 34.42%
Round 88/100
Global Model Accuracy: 33.06%
Round 89/100
Global Model Accuracy: 32.20%
Round 90/100
Global Model Accuracy: 32.16%
Round 91/100
Global Model Accuracy: 30.49%
Round 92/100
Global Model Accuracy: 31.59%
Round 93/100
Global Model Accuracy: 31.78%
Round 94/100
Global Model Accuracy: 32.19%
Round 95/100
Global Model Accuracy: 31.52%
Round 96/100
Global Model Accuracy: 30.31%
Round 97/100
Global Model Accuracy: 31.64%
Round 98/100
Global Model Accuracy: 32.65%
Round 99/100
Global Model Accuracy: 33.85%
Round 100/100
Global Model Accuracy: 31.75%
