/home/greenbn3/miniconda3/envs/dp_fedavg_env/lib/python3.12/site-packages/torch/nn/modules/module.py:1827: FutureWarning: Using a non-full backward hook when the forward contains multiple autograd Nodes is deprecated and will be removed in future versions. This hook will be missing some grad_input. Please use register_full_backward_hook to get the documented behavior.
  self._maybe_warn_non_full_backward_hook(args, result, grad_fn)
/home/greenbn3/DP-FedAvg/DP_FL.py:270: UserWarning: FigureCanvasAgg is non-interactive, and thus cannot be shown
  plt.show()
Using device: cuda
Round 1/100
Global Model Accuracy: 10.75%
Round 2/100
Global Model Accuracy: 6.54%
Round 3/100
Global Model Accuracy: 8.17%
Round 4/100
Global Model Accuracy: 11.79%
Round 5/100
Global Model Accuracy: 15.20%
Round 6/100
Global Model Accuracy: 15.91%
Round 7/100
Global Model Accuracy: 13.28%
Round 8/100
Global Model Accuracy: 13.48%
Round 9/100
Global Model Accuracy: 15.73%
Round 10/100
Global Model Accuracy: 13.03%
Round 11/100
Global Model Accuracy: 13.40%
Round 12/100
Global Model Accuracy: 15.93%
Round 13/100
Global Model Accuracy: 16.29%
Round 14/100
Global Model Accuracy: 16.03%
Round 15/100
Global Model Accuracy: 17.28%
Round 16/100
Global Model Accuracy: 16.54%
Round 17/100
Global Model Accuracy: 18.57%
Round 18/100
Global Model Accuracy: 17.77%
Round 19/100
Global Model Accuracy: 22.22%
Round 20/100
Global Model Accuracy: 19.16%
Round 21/100
Global Model Accuracy: 20.04%
Round 22/100
Global Model Accuracy: 20.02%
Round 23/100
Global Model Accuracy: 19.75%
Round 24/100
Global Model Accuracy: 22.55%
Round 25/100
Global Model Accuracy: 21.61%
Round 26/100
Global Model Accuracy: 23.14%
Round 27/100
Global Model Accuracy: 22.76%
Round 28/100
Global Model Accuracy: 25.39%
Round 29/100
Global Model Accuracy: 22.77%
Round 30/100
Global Model Accuracy: 24.97%
Round 31/100
Global Model Accuracy: 23.68%
Round 32/100
Global Model Accuracy: 23.54%
Round 33/100
Global Model Accuracy: 26.37%
Round 34/100
Global Model Accuracy: 26.80%
Round 35/100
Global Model Accuracy: 28.33%
Round 36/100
Global Model Accuracy: 28.31%
Round 37/100
Global Model Accuracy: 28.57%
Round 38/100
Global Model Accuracy: 28.70%
Round 39/100
Global Model Accuracy: 27.59%
Round 40/100
Global Model Accuracy: 29.18%
Round 41/100
Global Model Accuracy: 30.14%
Round 42/100
Global Model Accuracy: 31.23%
Round 43/100
Global Model Accuracy: 30.30%
Round 44/100
Global Model Accuracy: 28.98%
Round 45/100
Global Model Accuracy: 30.85%
Round 46/100
Global Model Accuracy: 30.53%
Round 47/100
Global Model Accuracy: 28.14%
Round 48/100
Global Model Accuracy: 28.80%
Round 49/100
Global Model Accuracy: 27.74%
Round 50/100
Global Model Accuracy: 28.84%
Round 51/100
Global Model Accuracy: 29.86%
Round 52/100
Global Model Accuracy: 31.09%
Round 53/100
Global Model Accuracy: 28.89%
Round 54/100
Global Model Accuracy: 28.84%
Round 55/100
Global Model Accuracy: 26.32%
Round 56/100
Global Model Accuracy: 26.75%
Round 57/100
Global Model Accuracy: 26.50%
Round 58/100
Global Model Accuracy: 26.54%
Round 59/100
Global Model Accuracy: 25.42%
Round 60/100
Global Model Accuracy: 27.84%
Round 61/100
Global Model Accuracy: 25.24%
Round 62/100
Global Model Accuracy: 26.59%
Round 63/100
Global Model Accuracy: 27.16%
Round 64/100
Global Model Accuracy: 26.68%
Round 65/100
Global Model Accuracy: 25.60%
Round 66/100
Global Model Accuracy: 26.71%
Round 67/100
Global Model Accuracy: 27.63%
Round 68/100
Global Model Accuracy: 27.14%
Round 69/100
Global Model Accuracy: 26.69%
Round 70/100
Global Model Accuracy: 26.77%
Round 71/100
Global Model Accuracy: 24.71%
Round 72/100
Global Model Accuracy: 24.65%
Round 73/100
Global Model Accuracy: 25.38%
Round 74/100
Global Model Accuracy: 25.83%
Round 75/100
Global Model Accuracy: 24.04%
Round 76/100
Global Model Accuracy: 24.70%
Round 77/100
Global Model Accuracy: 25.86%
Round 78/100
Global Model Accuracy: 27.16%
Round 79/100
Global Model Accuracy: 28.25%
Round 80/100
Global Model Accuracy: 27.70%
Round 81/100
Global Model Accuracy: 26.76%
Round 82/100
Global Model Accuracy: 26.72%
Round 83/100
Global Model Accuracy: 28.16%
Round 84/100
Global Model Accuracy: 26.45%
Round 85/100
Global Model Accuracy: 25.78%
Round 86/100
Global Model Accuracy: 27.16%
Round 87/100
Global Model Accuracy: 27.62%
Round 88/100
Global Model Accuracy: 27.84%
Round 89/100
Global Model Accuracy: 27.32%
Round 90/100
Global Model Accuracy: 27.70%
Round 91/100
Global Model Accuracy: 29.47%
Round 92/100
Global Model Accuracy: 30.00%
Round 93/100
Global Model Accuracy: 29.09%
Round 94/100
Global Model Accuracy: 29.00%
Round 95/100
Global Model Accuracy: 27.32%
Round 96/100
Global Model Accuracy: 29.18%
Round 97/100
Global Model Accuracy: 28.08%
Round 98/100
Global Model Accuracy: 28.41%
Round 99/100
Global Model Accuracy: 28.00%
Round 100/100
Global Model Accuracy: 26.89%
