/home/greenbn3/miniconda3/envs/dp_fedavg_env/lib/python3.12/site-packages/torch/nn/modules/module.py:1827: FutureWarning: Using a non-full backward hook when the forward contains multiple autograd Nodes is deprecated and will be removed in future versions. This hook will be missing some grad_input. Please use register_full_backward_hook to get the documented behavior.
  self._maybe_warn_non_full_backward_hook(args, result, grad_fn)
/home/greenbn3/DP-FedAvg/DP_FL.py:270: UserWarning: FigureCanvasAgg is non-interactive, and thus cannot be shown
  plt.show()
Using device: cuda
Round 1/100
Global Model Accuracy: 11.89%
Round 2/100
Global Model Accuracy: 14.04%
Round 3/100
Global Model Accuracy: 10.96%
Round 4/100
Global Model Accuracy: 12.31%
Round 5/100
Global Model Accuracy: 9.48%
Round 6/100
Global Model Accuracy: 9.54%
Round 7/100
Global Model Accuracy: 12.62%
Round 8/100
Global Model Accuracy: 14.12%
Round 9/100
Global Model Accuracy: 14.11%
Round 10/100
Global Model Accuracy: 12.61%
Round 11/100
Global Model Accuracy: 14.86%
Round 12/100
Global Model Accuracy: 16.93%
Round 13/100
Global Model Accuracy: 17.39%
Round 14/100
Global Model Accuracy: 20.09%
Round 15/100
Global Model Accuracy: 21.59%
Round 16/100
Global Model Accuracy: 18.03%
Round 17/100
Global Model Accuracy: 16.88%
Round 18/100
Global Model Accuracy: 13.76%
Round 19/100
Global Model Accuracy: 15.81%
Round 20/100
Global Model Accuracy: 17.11%
Round 21/100
Global Model Accuracy: 15.52%
Round 22/100
Global Model Accuracy: 18.32%
Round 23/100
Global Model Accuracy: 18.24%
Round 24/100
Global Model Accuracy: 17.91%
Round 25/100
Global Model Accuracy: 16.70%
Round 26/100
Global Model Accuracy: 18.48%
Round 27/100
Global Model Accuracy: 19.54%
Round 28/100
Global Model Accuracy: 20.99%
Round 29/100
Global Model Accuracy: 20.39%
Round 30/100
Global Model Accuracy: 21.05%
Round 31/100
Global Model Accuracy: 21.19%
Round 32/100
Global Model Accuracy: 20.16%
Round 33/100
Global Model Accuracy: 20.54%
Round 34/100
Global Model Accuracy: 20.68%
Round 35/100
Global Model Accuracy: 21.70%
Round 36/100
Global Model Accuracy: 21.38%
Round 37/100
Global Model Accuracy: 19.08%
Round 38/100
Global Model Accuracy: 18.59%
Round 39/100
Global Model Accuracy: 20.66%
Round 40/100
Global Model Accuracy: 21.36%
Round 41/100
Global Model Accuracy: 21.00%
Round 42/100
Global Model Accuracy: 23.98%
Round 43/100
Global Model Accuracy: 23.24%
Round 44/100
Global Model Accuracy: 27.11%
Round 45/100
Global Model Accuracy: 26.02%
Round 46/100
Global Model Accuracy: 26.44%
Round 47/100
Global Model Accuracy: 26.59%
Round 48/100
Global Model Accuracy: 29.26%
Round 49/100
Global Model Accuracy: 30.00%
Round 50/100
Global Model Accuracy: 30.09%
Round 51/100
Global Model Accuracy: 27.73%
Round 52/100
Global Model Accuracy: 29.62%
Round 53/100
Global Model Accuracy: 28.80%
Round 54/100
Global Model Accuracy: 25.73%
Round 55/100
Global Model Accuracy: 25.84%
Round 56/100
Global Model Accuracy: 24.14%
Round 57/100
Global Model Accuracy: 24.10%
Round 58/100
Global Model Accuracy: 25.91%
Round 59/100
Global Model Accuracy: 24.05%
Round 60/100
Global Model Accuracy: 25.34%
Round 61/100
Global Model Accuracy: 24.88%
Round 62/100
Global Model Accuracy: 23.11%
Round 63/100
Global Model Accuracy: 25.32%
Round 64/100
Global Model Accuracy: 27.02%
Round 65/100
Global Model Accuracy: 27.89%
Round 66/100
Global Model Accuracy: 28.39%
Round 67/100
Global Model Accuracy: 28.52%
Round 68/100
Global Model Accuracy: 28.68%
Round 69/100
Global Model Accuracy: 25.54%
Round 70/100
Global Model Accuracy: 23.79%
Round 71/100
Global Model Accuracy: 23.93%
Round 72/100
Global Model Accuracy: 24.86%
Round 73/100
Global Model Accuracy: 26.19%
Round 74/100
Global Model Accuracy: 24.44%
Round 75/100
Global Model Accuracy: 27.12%
Round 76/100
Global Model Accuracy: 25.98%
Round 77/100
Global Model Accuracy: 23.67%
Round 78/100
Global Model Accuracy: 22.51%
Round 79/100
Global Model Accuracy: 20.99%
Round 80/100
Global Model Accuracy: 21.66%
Round 81/100
Global Model Accuracy: 22.23%
Round 82/100
Global Model Accuracy: 25.02%
Round 83/100
Global Model Accuracy: 26.92%
Round 84/100
Global Model Accuracy: 24.29%
Round 85/100
Global Model Accuracy: 24.12%
Round 86/100
Global Model Accuracy: 25.06%
Round 87/100
Global Model Accuracy: 26.46%
Round 88/100
Global Model Accuracy: 26.55%
Round 89/100
Global Model Accuracy: 26.74%
Round 90/100
Global Model Accuracy: 30.53%
Round 91/100
Global Model Accuracy: 31.04%
Round 92/100
Global Model Accuracy: 29.44%
Round 93/100
Global Model Accuracy: 29.12%
Round 94/100
Global Model Accuracy: 27.85%
Round 95/100
Global Model Accuracy: 28.22%
Round 96/100
Global Model Accuracy: 25.82%
Round 97/100
Global Model Accuracy: 26.64%
Round 98/100
Global Model Accuracy: 27.42%
Round 99/100
Global Model Accuracy: 27.04%
Round 100/100
Global Model Accuracy: 26.63%
