/home/greenbn3/miniconda3/envs/dp_fedavg_env/lib/python3.12/site-packages/torch/nn/modules/module.py:1827: FutureWarning: Using a non-full backward hook when the forward contains multiple autograd Nodes is deprecated and will be removed in future versions. This hook will be missing some grad_input. Please use register_full_backward_hook to get the documented behavior.
  self._maybe_warn_non_full_backward_hook(args, result, grad_fn)
/home/greenbn3/DP-FedAvg/DP_FL.py:270: UserWarning: FigureCanvasAgg is non-interactive, and thus cannot be shown
  plt.show()
Using device: cuda
Round 1/100
Global Model Accuracy: 9.70%
Round 2/100
Global Model Accuracy: 9.81%
Round 3/100
Global Model Accuracy: 7.33%
Round 4/100
Global Model Accuracy: 10.46%
Round 5/100
Global Model Accuracy: 12.48%
Round 6/100
Global Model Accuracy: 12.53%
Round 7/100
Global Model Accuracy: 12.25%
Round 8/100
Global Model Accuracy: 9.72%
Round 9/100
Global Model Accuracy: 11.31%
Round 10/100
Global Model Accuracy: 10.97%
Round 11/100
Global Model Accuracy: 10.05%
Round 12/100
Global Model Accuracy: 11.30%
Round 13/100
Global Model Accuracy: 17.34%
Round 14/100
Global Model Accuracy: 14.55%
Round 15/100
Global Model Accuracy: 18.51%
Round 16/100
Global Model Accuracy: 16.27%
Round 17/100
Global Model Accuracy: 14.59%
Round 18/100
Global Model Accuracy: 17.34%
Round 19/100
Global Model Accuracy: 18.09%
Round 20/100
Global Model Accuracy: 18.04%
Round 21/100
Global Model Accuracy: 21.65%
Round 22/100
Global Model Accuracy: 21.22%
Round 23/100
Global Model Accuracy: 18.20%
Round 24/100
Global Model Accuracy: 18.08%
Round 25/100
Global Model Accuracy: 18.00%
Round 26/100
Global Model Accuracy: 16.93%
Round 27/100
Global Model Accuracy: 20.17%
Round 28/100
Global Model Accuracy: 18.30%
Round 29/100
Global Model Accuracy: 20.29%
Round 30/100
Global Model Accuracy: 18.25%
Round 31/100
Global Model Accuracy: 19.79%
Round 32/100
Global Model Accuracy: 23.07%
Round 33/100
Global Model Accuracy: 22.75%
Round 34/100
Global Model Accuracy: 23.40%
Round 35/100
Global Model Accuracy: 18.80%
Round 36/100
Global Model Accuracy: 20.17%
Round 37/100
Global Model Accuracy: 20.07%
Round 38/100
Global Model Accuracy: 21.40%
Round 39/100
Global Model Accuracy: 19.82%
Round 40/100
Global Model Accuracy: 21.92%
Round 41/100
Global Model Accuracy: 20.78%
Round 42/100
Global Model Accuracy: 19.53%
Round 43/100
Global Model Accuracy: 17.79%
Round 44/100
Global Model Accuracy: 16.76%
Round 45/100
Global Model Accuracy: 18.17%
Round 46/100
Global Model Accuracy: 21.20%
Round 47/100
Global Model Accuracy: 18.50%
Round 48/100
Global Model Accuracy: 21.55%
Round 49/100
Global Model Accuracy: 24.48%
Round 50/100
Global Model Accuracy: 23.00%
Round 51/100
Global Model Accuracy: 23.17%
Round 52/100
Global Model Accuracy: 23.79%
Round 53/100
Global Model Accuracy: 23.22%
Round 54/100
Global Model Accuracy: 21.13%
Round 55/100
Global Model Accuracy: 21.55%
Round 56/100
Global Model Accuracy: 22.71%
Round 57/100
Global Model Accuracy: 22.75%
Round 58/100
Global Model Accuracy: 24.76%
Round 59/100
Global Model Accuracy: 26.70%
Round 60/100
Global Model Accuracy: 26.96%
Round 61/100
Global Model Accuracy: 25.01%
Round 62/100
Global Model Accuracy: 25.32%
Round 63/100
Global Model Accuracy: 23.78%
Round 64/100
Global Model Accuracy: 25.49%
Round 65/100
Global Model Accuracy: 23.06%
Round 66/100
Global Model Accuracy: 23.83%
Round 67/100
Global Model Accuracy: 24.28%
Round 68/100
Global Model Accuracy: 24.88%
Round 69/100
Global Model Accuracy: 26.58%
Round 70/100
Global Model Accuracy: 25.71%
Round 71/100
Global Model Accuracy: 24.64%
Round 72/100
Global Model Accuracy: 22.94%
Round 73/100
Global Model Accuracy: 23.61%
Round 74/100
Global Model Accuracy: 24.95%
Round 75/100
Global Model Accuracy: 26.52%
Round 76/100
Global Model Accuracy: 26.86%
Round 77/100
Global Model Accuracy: 24.41%
Round 78/100
Global Model Accuracy: 25.27%
Round 79/100
Global Model Accuracy: 27.27%
Round 80/100
Global Model Accuracy: 25.68%
Round 81/100
Global Model Accuracy: 25.12%
Round 82/100
Global Model Accuracy: 26.66%
Round 83/100
Global Model Accuracy: 28.60%
Round 84/100
Global Model Accuracy: 29.28%
Round 85/100
Global Model Accuracy: 29.40%
Round 86/100
Global Model Accuracy: 30.02%
Round 87/100
Global Model Accuracy: 31.35%
Round 88/100
Global Model Accuracy: 30.95%
Round 89/100
Global Model Accuracy: 30.54%
Round 90/100
Global Model Accuracy: 31.98%
Round 91/100
Global Model Accuracy: 32.77%
Round 92/100
Global Model Accuracy: 32.34%
Round 93/100
Global Model Accuracy: 31.68%
Round 94/100
Global Model Accuracy: 31.55%
Round 95/100
Global Model Accuracy: 31.86%
Round 96/100
Global Model Accuracy: 31.12%
Round 97/100
Global Model Accuracy: 31.57%
Round 98/100
Global Model Accuracy: 33.11%
Round 99/100
Global Model Accuracy: 33.60%
Round 100/100
Global Model Accuracy: 31.67%
