/home/greenbn3/miniconda3/envs/dp_fedavg_env/lib/python3.12/site-packages/torch/nn/modules/module.py:1827: FutureWarning: Using a non-full backward hook when the forward contains multiple autograd Nodes is deprecated and will be removed in future versions. This hook will be missing some grad_input. Please use register_full_backward_hook to get the documented behavior.
  self._maybe_warn_non_full_backward_hook(args, result, grad_fn)
/home/greenbn3/DP-FedAvg/DP_FL.py:270: UserWarning: FigureCanvasAgg is non-interactive, and thus cannot be shown
  plt.show()
Using device: cuda
Round 1/100
Global Model Accuracy: 8.38%
Round 2/100
Global Model Accuracy: 7.82%
Round 3/100
Global Model Accuracy: 10.59%
Round 4/100
Global Model Accuracy: 7.11%
Round 5/100
Global Model Accuracy: 10.78%
Round 6/100
Global Model Accuracy: 8.69%
Round 7/100
Global Model Accuracy: 15.19%
Round 8/100
Global Model Accuracy: 16.60%
Round 9/100
Global Model Accuracy: 16.38%
Round 10/100
Global Model Accuracy: 18.61%
Round 11/100
Global Model Accuracy: 19.66%
Round 12/100
Global Model Accuracy: 16.64%
Round 13/100
Global Model Accuracy: 18.43%
Round 14/100
Global Model Accuracy: 18.50%
Round 15/100
Global Model Accuracy: 24.66%
Round 16/100
Global Model Accuracy: 17.12%
Round 17/100
Global Model Accuracy: 20.22%
Round 18/100
Global Model Accuracy: 17.74%
Round 19/100
Global Model Accuracy: 20.27%
Round 20/100
Global Model Accuracy: 17.37%
Round 21/100
Global Model Accuracy: 17.20%
Round 22/100
Global Model Accuracy: 17.90%
Round 23/100
Global Model Accuracy: 17.32%
Round 24/100
Global Model Accuracy: 15.70%
Round 25/100
Global Model Accuracy: 20.05%
Round 26/100
Global Model Accuracy: 20.00%
Round 27/100
Global Model Accuracy: 20.53%
Round 28/100
Global Model Accuracy: 16.61%
Round 29/100
Global Model Accuracy: 15.98%
Round 30/100
Global Model Accuracy: 18.36%
Round 31/100
Global Model Accuracy: 21.26%
Round 32/100
Global Model Accuracy: 21.76%
Round 33/100
Global Model Accuracy: 21.03%
Round 34/100
Global Model Accuracy: 21.03%
Round 35/100
Global Model Accuracy: 19.94%
Round 36/100
Global Model Accuracy: 19.05%
Round 37/100
Global Model Accuracy: 21.55%
Round 38/100
Global Model Accuracy: 21.95%
Round 39/100
Global Model Accuracy: 22.60%
Round 40/100
Global Model Accuracy: 26.46%
Round 41/100
Global Model Accuracy: 21.89%
Round 42/100
Global Model Accuracy: 21.76%
Round 43/100
Global Model Accuracy: 22.85%
Round 44/100
Global Model Accuracy: 23.79%
Round 45/100
Global Model Accuracy: 24.54%
Round 46/100
Global Model Accuracy: 25.10%
Round 47/100
Global Model Accuracy: 25.77%
Round 48/100
Global Model Accuracy: 23.88%
Round 49/100
Global Model Accuracy: 21.63%
Round 50/100
Global Model Accuracy: 25.54%
Round 51/100
Global Model Accuracy: 25.32%
Round 52/100
Global Model Accuracy: 24.52%
Round 53/100
Global Model Accuracy: 27.32%
Round 54/100
Global Model Accuracy: 28.76%
Round 55/100
Global Model Accuracy: 28.71%
Round 56/100
Global Model Accuracy: 30.46%
Round 57/100
Global Model Accuracy: 28.63%
Round 58/100
Global Model Accuracy: 29.41%
Round 59/100
Global Model Accuracy: 31.48%
Round 60/100
Global Model Accuracy: 31.67%
Round 61/100
Global Model Accuracy: 32.94%
Round 62/100
Global Model Accuracy: 33.55%
Round 63/100
Global Model Accuracy: 32.68%
Round 64/100
Global Model Accuracy: 33.06%
Round 65/100
Global Model Accuracy: 31.70%
Round 66/100
Global Model Accuracy: 29.91%
Round 67/100
Global Model Accuracy: 30.73%
Round 68/100
Global Model Accuracy: 30.74%
Round 69/100
Global Model Accuracy: 31.43%
Round 70/100
Global Model Accuracy: 31.06%
Round 71/100
Global Model Accuracy: 32.97%
Round 72/100
Global Model Accuracy: 32.66%
Round 73/100
Global Model Accuracy: 31.36%
Round 74/100
Global Model Accuracy: 30.50%
Round 75/100
Global Model Accuracy: 29.15%
Round 76/100
Global Model Accuracy: 29.69%
Round 77/100
Global Model Accuracy: 30.38%
Round 78/100
Global Model Accuracy: 29.74%
Round 79/100
Global Model Accuracy: 28.00%
Round 80/100
Global Model Accuracy: 28.57%
Round 81/100
Global Model Accuracy: 29.48%
Round 82/100
Global Model Accuracy: 28.16%
Round 83/100
Global Model Accuracy: 29.13%
Round 84/100
Global Model Accuracy: 32.71%
Round 85/100
Global Model Accuracy: 36.01%
Round 86/100
Global Model Accuracy: 36.24%
Round 87/100
Global Model Accuracy: 35.46%
Round 88/100
Global Model Accuracy: 35.29%
Round 89/100
Global Model Accuracy: 32.83%
Round 90/100
Global Model Accuracy: 32.41%
Round 91/100
Global Model Accuracy: 31.53%
Round 92/100
Global Model Accuracy: 32.20%
Round 93/100
Global Model Accuracy: 29.82%
Round 94/100
Global Model Accuracy: 28.90%
Round 95/100
Global Model Accuracy: 30.69%
Round 96/100
Global Model Accuracy: 30.75%
Round 97/100
Global Model Accuracy: 33.59%
Round 98/100
Global Model Accuracy: 34.97%
Round 99/100
Global Model Accuracy: 34.32%
Round 100/100
Global Model Accuracy: 36.53%
